
 Name                                           Monthly Qty  Unit  Monthly Cost 
                                                                                
   google_compute_disk.extreme_default                                           
 └─ Extreme provisioned storage (pd-extreme)            500  GB          $62.50
 └─ Provisioned IOPS                                   2500  IOPS       $162.50

 google_compute_disk.hyperdisk_default                                           
 └─ Hyperdisk provisioned storage (hyperdisk-extreme)    64  GB           $8.00
 └─ Provisioned IOPS                                   2500  IOPS        $80.00  
 
 google_compute_disk.image_disk_size                                            
 └─ Standard provisioned storage (pd-standard)           30  GB           $1.20 
                                                                                
 google_compute_disk.image_source_image                                         
 └─ Standard provisioned storage (pd-standard)           30  GB           $1.20 
                                                                                
 google_compute_disk.image_source_snapshot                                      
 └─ Standard provisioned storage (pd-standard)           20  GB           $0.80 
                                                                                
 google_compute_disk.size                                                       
 └─ Standard provisioned storage (pd-standard)           20  GB           $0.80 

 google_compute_disk.size_iops                                                         
 ├─ Hyperdisk provisioned storage (hyperdisk-extreme)   140  GB           $17.50 
 └─ Provisioned IOPS                                  6,000  IOPS        $192.00 
                                                                                
 google_compute_disk.snapshot_source_disk                                       
 └─ Standard provisioned storage (pd-standard)           20  GB           $0.80 
                                                                                
 google_compute_disk.ssd_default                                                
 └─ SSD provisioned storage (pd-ssd)                     10  GB           $1.70 
                                                                                
 google_compute_disk.standard_default                                           
 └─ Standard provisioned storage (pd-standard)           10  GB           $0.40 
                                                                                
 google_compute_image.image_disk_size                                           
 └─ Storage                                              30  GB           $1.50 
                                                                                
 google_compute_image.image_source_image                                        
 └─ Storage                                              30  GB           $1.50 
                                                                                
 google_compute_image.image_source_snapshot                                     
 └─ Storage                                              20  GB           $1.00 
                                                                                
 google_compute_snapshot.snapshot_source_disk                                   
 └─ Storage                                              20  GB           $0.52 
                                                                                
 OVERALL TOTAL                                                          $533.92 
──────────────────────────────────
14 cloud resources were detected:
∙ 14 were estimated, 4 of which include usage-based costs, see https://infracost.io/usage-file